[?2004h[>4;1m[?4m[>1u[?u[?25lÂ Â [48;2;29;37;47mÂ [38;2;168;172;177mList of Modules[39mÂ [m

Â Â [38;2;119;119;119m2 items[m

[38;2;173;88;180mâ”‚[mÂ [38;2;238;111;248mAWS VPC Module[m
[38;2;99;197;218mâ”‚[mÂ [38;2;89;120;142mThis module creates a VPC in AWS with all the necessary components.[m

Â Â [38;2;221;221;221mAWS EKS Module[m
Â Â [38;2;119;119;119mThis module creates an EKS cluster in AWS.[m




























Â Â [38;2;98;98;98mk/â†‘/ctrl+p[m [38;2;74;74;74mmove up[38;2;60;60;60m â€¢ [38;2;98;98;98mj/â†“/ctrl+n[m [38;2;74;74;74mmove down[38;2;60;60;60m â€¢ [38;2;98;98;98menter/ctrl-j[m [38;2;74;74;74mchoose[38;2;60;60;60m â€¢ [38;2;98;98;98mS[m [38;2;74;74;74mScaffold[38;2;60;60;60m â€¢ [38;2;98;98;98m/[m [38;2;74;74;74msearch[38;2;60;60;60m â€¢ [38;2;98;98;98mq[m [38;2;74;74;74mquit[38;2;60;60;60m â€¢ [38;2;98;98;98m?[m [38;2;74;74;74mmore[m[?25h[?2004l